
========== Case 1 ==========
原文： 设 \(z=f(xy,x+y)\)，求 \(\dfrac{\partial^2z}{\partial x\partial y}\)。
口语： 设 z=f(xy,x+y) ，求 求二阶混合偏导（先 x 后 y） 。

========== Case 2 ==========
原文： \(F^{\prime}_{z}=\dfrac{\partial F}{\partial z}=x^2+y^2+\dfrac{1}{z}>0\)
口语： F 对 z 的一阶导=F 对 z 的偏导=x 的 2 次方+y 的 2 次方+1 除以 z>0。

========== Case 3 ==========
原文： \(z^{\prime\prime}_{xx}=-\dfrac{F^{\prime\prime}_{xx}}{F^{\prime}_{z}}\)
口语： z 对 xx 的二阶导=-F 对 xx 的二阶导 除以 F 对 z 的一阶导。

========== Case 4 ==========
原文： \(2/z+\ln z-4/z+2=0\)
口语： 2除以z+ln z-4除以z+2=0。

========== Case 5 ==========
原文： \(\int x^2 dx\)
口语： 积分 x 的 2 次方 dx。

========== Case 6 ==========
原文： \(\alpha+\beta=\gamma\)
口语： 阿尔法+贝塔=伽马。

========== Case 7 ==========
原文： \(x \neq 0\) 且 \(x \le 1\)
口语： x 不等于 0 且 x 小于等于 1。

========== Case 8 ==========
原文： \(\sqrt{3}\) 和 \(\sqrt[3]{8}\)
口语： 根号 (3) 和 3 次根号下 (8)。

========== Case 9 ==========
原文： \(x^2\) 和 \(e^{-\alpha t}\)
口语： x 的 2 次方 和 e 的 -阿尔法 t 次方。

========== Case 10 ==========
原文： 求导：\(\varphi^{\prime}(z)=(\ln z)^{\prime}+(2)^{\prime}-(2/z)^{\prime}=1/z+0-(-2/z^2)=1/z+2/z^2\)
口语： 求导： 斐 的一阶导(z)=(ln z) 的导数+(2) 的导数-(2除以z) 的导数=1除以z+0-(-2除以z 的 2 次方)=1除以z+2除以z 的 2 次方。

========== Case 11 ==========
原文： \(\dfrac{\partial F}{\partial x}=2xz+2\)
口语： F 对 x 的偏导=2xz+2。

========== Case 12 ==========
原文： **最终答案：在 \((-1,-1)\) 处取得极大值**
口语： 最终答案：在 (-1,-1) 处取得极大值。

========== Case 13 ==========
原文： 先算 \(F^{\prime}_{z}=x^2+y^2+1/z=(-1)^2+(-1)^2+1/1=1+1+1=3\)
口语： 先算 F 对 z 的一阶导=x 的 2 次方+y 的 2 次方+1除以z=(-1) 的 2 次方+(-1) 的 2 次方+1除以1=1+1+1=3。

========== Case 14 ==========
原文： 再算 \(F^{\prime\prime}_{xx}\)：\(F^{\prime}_{x}=2xz+2\)，对 \(x\) 再求一次偏导，把 \(y,z\) 当常数，得 \(F^{\prime\prime}_{xx}=2z\)。代入 \(z=1\) 得 \(F^{\prime\prime}_{xx}=2\)
口语： 再算 F 对 xx 的二阶导 ： F 对 x 的一阶导=2xz+2 ，对 x 再求一次偏导，把 y,z 当常数，得 F 对 xx 的二阶导=2z 。代入 z=1 得 F 对 xx 的二阶导=2。
